R8107 [0.2, 0.0] False 0
R8107 [0.2, 0.4] False 0
R8107 [0.4, 0.0] False 0
R8107 [0.4, 0.4] False 0
R8107 [0.6, 0.0] False 0
R8107 [0.6, 0.4] False 0
R8107 [0.8, 0.0] False 0
R8107 [0.8, 0.4] False 0
R8107 [1.0, 0.0] False 0
R8107 [1.0, 0.4] False 0
R8107 [1.2, 0.0] False 0
R8107 [1.2, 0.4] False 0
R8107 [1.4, 0.0] False 0
R8107 [1.4, 0.4] False 0
R8107 [1.6, 0.0] False 0
R8107 [1.6, 0.4] False 0
R8107 [1.7, 0.0] False 0
R8107 [1.7, 0.4] False 0
R8270 [-0.2, 0.1] False 0
R8270 [-0.2, 0.2] False 0
R8270 [-0.2, 0.3] False 0
R8270 [-0.1, 0.0] False 0
R8270 [-0.1, 0.1] False 0
R8270 [-0.1, 0.2] False 0
R8270 [-0.1, 0.3] False 0
R8270 [0.0, 0.1] False 0
R8270 [0.0, 0.2] False 0
R8270 [0.0, 0.3] False 0
R8273 [0.1, 0.0] False 0
heavy-guard: verdict=PASS exit=0 secs=104 min_mem_mb=12818 reason=-
