NOPATH AGND ['R8107.2']
R8107.2 0 cut 3 ground False 0
PATH AGND ['R8107.2'] cells 205 vias 1
R8107.2 1 cut 3 ground True 4
NOPATH AGND ['U2205.14', 'U2205.15', 'U2205.10', 'U2205.16', 'U2205.9', 'U2205.11']
U2205.9 0 cut 3 ground False 0
NOPATH AGND ['U2205.14', 'U2205.15', 'U2205.10', 'U2205.16', 'U2205.9', 'U2205.11']
U2205.9 1 cut 3 ground False 0
NOPATH AGND ['U2205.14', 'U2205.15', 'U2205.10', 'U2205.16', 'U2205.9', 'U2205.11']
U2205.10 0 cut 3 ground False 0
NOPATH AGND ['U2205.14', 'U2205.15', 'U2205.10', 'U2205.16', 'U2205.9', 'U2205.11']
U2205.11 0 cut 3 ground False 0
NOPATH AGND ['U2205.14', 'U2205.15', 'U2205.10', 'U2205.16', 'U2205.9', 'U2205.11']
U2205.16 0 cut 3 ground False 0
NOPATH AGND ['U8202.16', 'U8202.14', 'U8202.15']
U8202.14 0 cut 3 ground False 0
NOPATH AGND ['U8202.16', 'U8202.14', 'U8202.15']
U8202.14 1 cut 3 ground False 0
NOPATH AGND ['U8202.16', 'U8202.14', 'U8202.15']
U8202.15 0 cut 3 ground False 0
NOPATH AGND ['U8202.16', 'U8202.14', 'U8202.15']
U8202.15 1 cut 3 ground False 0
PATH AGND ['U8202.16', 'U8202.14', 'U8202.15'] cells 406 vias 1
U8202.16 0 cut 3 ground True 112
NOPATH AGND ['U8202.16', 'U8202.14', 'U8202.15']
U8202.16 1 cut 3 ground False 0
NOPATH AGND ['R8270.2']
R8270.2 0 cut 3 ground False 0
NOPATH AGND ['R8270.2']
R8270.2 1 cut 3 ground False 0
PATH AGND ['R8173.2'] cells 411 vias 0
R8173.2 0 cut 3 ground True 37
PATH AGND ['R8273.2'] cells 142 vias 2
R8273.2 0 cut 3 ground True 13
NOPATH AGND ['R8273.2']
R8273.2 1 cut 3 ground False 0
PATH AGND ['R8127.2'] cells 125 vias 0
R8127.2 0 cut 3 ground True 1
PATH AGND ['R8127.2'] cells 125 vias 0
R8127.2 1 cut 3 ground True 18
PATH AGND ['C2248.2'] cells 375 vias 1
C2248.2 0 cut 3 ground True 63
NOPATH AGND ['C2248.2']
C2248.2 1 cut 3 ground False 0
NOPATH AGND ['RB2214.2']
RB2214.2 0 cut 3 ground False 0
PATH AGND ['RB2214.2'] cells 359 vias 1
RB2214.2 1 cut 3 ground True 19
NOPATH AGND ['J900047.6']
J900047.6 0 cut 3 ground False 0
NOPATH AGND ['C8142.2']
C8142.2 0 cut 3 ground False 0
NOPATH AGND ['RB2315.2']
RB2315.2 0 cut 4 ground False 0
PATH AGND ['RB2315.2'] cells 512 vias 1
RB2315.2 1 cut 3 ground True 90
NOPATH AGND ['J900027.2']
J900027.2 0 cut 3 ground False 0
NOPATH AGND ['J900027.2']
J900027.2 1 cut 3 ground False 0
NOPATH AGND ['J900027.4']
J900027.4 0 cut 3 ground False 0
PATH AGND ['J900027.4'] cells 522 vias 2
J900027.4 1 cut 3 ground True 13
complete 32 positive 10
heavy-guard: verdict=PASS exit=0 secs=171 min_mem_mb=11991 reason=-
