PATH X9231A7A2CB5A5CD78220 ['SEARCH_ONLY_RETAINED_ENDPOINT.1'] cells 614 vias 1
['F.Cu', 'In2.Cu', 'In3.Cu', 'B.Cu'] True 74
U8202.16 True
NOPATH X2B3F1D742F5A20AB1241 ['SEARCH_ONLY_RETAINED_ENDPOINT.1']
['F.Cu', 'In2.Cu', 'In3.Cu', 'B.Cu'] False 0
R8173.2 False
NOPATH X2408354846003BF2C899 ['SEARCH_ONLY_RETAINED_ENDPOINT.1']
['F.Cu', 'In2.Cu', 'In3.Cu', 'B.Cu'] False 0
R8273.2 False
PATH XDFE73EDB3AA45015AAD2 ['SEARCH_ONLY_RETAINED_ENDPOINT.1'] cells 250 vias 1
['F.Cu', 'In2.Cu', 'In3.Cu', 'B.Cu'] True 6
R8127.2 True
PATH X92782EEE945E0018260E ['SEARCH_ONLY_RETAINED_ENDPOINT.1'] cells 342 vias 1
['F.Cu', 'In2.Cu', 'In3.Cu', 'B.Cu'] True 12
R8127.2 True
NOPATH X0DC82B361419315EA20B ['SEARCH_ONLY_RETAINED_ENDPOINT.1']
['F.Cu', 'In2.Cu', 'In3.Cu', 'B.Cu'] False 0
C2248.2 False
NOPATH X094ADC29D9B861B328BB ['SEARCH_ONLY_RETAINED_ENDPOINT.1']
['F.Cu', 'In2.Cu', 'In3.Cu', 'B.Cu'] False 0
RB2214.2 False
NOPATH XBC731BF594F15897A262 ['SEARCH_ONLY_RETAINED_ENDPOINT.1']
['F.Cu', 'In2.Cu', 'In3.Cu', 'B.Cu'] False 0
RB2315.2 False
NOPATH X1A3A22F4B289D6F62B00 ['SEARCH_ONLY_RETAINED_ENDPOINT.1']
['F.Cu', 'In2.Cu', 'In3.Cu', 'B.Cu'] False 0
J900027.4 False
heavy-guard: verdict=PASS exit=0 secs=21 min_mem_mb=12895 reason=-
